MSBuild version 18.0.5+e22287bf1 for .NET Framework

  Automatic MOC and UIC for target core
  mocs_compilation_Debug.cpp
  PluginManager.cpp
C:\Users\RidTheWann\Documents\WeaR-studio\core\PluginManager.h(45,1): error C2912: explicit specialization 'const char *WeaR::qobject_interface_iid<WeaR::IPluginFactory*>(void)' is not a specialization of a function template [C:\Users\RidTheWann\Documents\WeaR-studio\build\core\core.vcxproj]
  (compiling source file '../../core/PluginManager.cpp')
  
C:\Users\RidTheWann\Documents\WeaR-studio\core\PluginManager.h(45,1): error C2912: explicit specialization 'WeaR::IPluginFactory *WeaR::qobject_cast<WeaR::IPluginFactory*>(QObject *)' is not a specialization of a function template [C:\Users\RidTheWann\Documents\WeaR-studio\build\core\core.vcxproj]
  (compiling source file '../../core/PluginManager.cpp')
  
C:\Qt\6.10.1\msvc2022_64\include\QtCore\qobject.h(439,53): error C2280: 'const char *qobject_interface_iid<T*>(void)': attempting to reference a deleted function [C:\Users\RidTheWann\Documents\WeaR-studio\build\core\core.vcxproj]
C:\Qt\6.10.1\msvc2022_64\include\QtCore\qobject.h(439,53): error C2280:         with [C:\Users\RidTheWann\Documents\WeaR-studio\build\core\core.vcxproj]
C:\Qt\6.10.1\msvc2022_64\include\QtCore\qobject.h(439,53): error C2280:         [ [C:\Users\RidTheWann\Documents\WeaR-studio\build\core\core.vcxproj]
C:\Qt\6.10.1\msvc2022_64\include\QtCore\qobject.h(439,53): error C2280:             T=WeaR::IPluginFactory [C:\Users\RidTheWann\Documents\WeaR-studio\build\core\core.vcxproj]
C:\Qt\6.10.1\msvc2022_64\include\QtCore\qobject.h(439,53): error C2280:         ] [C:\Users\RidTheWann\Documents\WeaR-studio\build\core\core.vcxproj]
  (compiling source file '../../core/PluginManager.cpp')
      C:\Qt\6.10.1\msvc2022_64\include\QtCore\qobject.h(437,43):
      see declaration of 'qobject_interface_iid'
      C:\Qt\6.10.1\msvc2022_64\include\QtCore\qobject.h(439,53):
      the template instantiation context (the oldest one first) is
          C:\Users\RidTheWann\Documents\WeaR-studio\core\PluginManager.h(45,1):
          see instantiation of default argument expression required for 'T *qobject_iid_cast<WeaR::IPluginFactory>(QObject *,const char *)'
          with
          [
              T=WeaR::IPluginFactory
          ]
  
C:\Users\RidTheWann\Documents\WeaR-studio\core\PluginManager.h(45,1): error C2912: explicit specialization 'const WeaR::IPluginFactory *WeaR::qobject_cast<const WeaR::IPluginFactory*>(const QObject *)' is not a specialization of a function template [C:\Users\RidTheWann\Documents\WeaR-studio\build\core\core.vcxproj]
  (compiling source file '../../core/PluginManager.cpp')
  
C:\Users\RidTheWann\Documents\WeaR-studio\core\PluginManager.h(45,1): error C2912: explicit specialization 'const char *WeaR::qobject_interface_iid<WeaR::IPluginFactory*>(void)' is not a specialization of a function template [C:\Users\RidTheWann\Documents\WeaR-studio\build\core\core.vcxproj]
  (compiling source file 'core_autogen/mocs_compilation_Debug.cpp')
  
C:\Users\RidTheWann\Documents\WeaR-studio\core\PluginManager.h(45,1): error C2912: explicit specialization 'WeaR::IPluginFactory *WeaR::qobject_cast<WeaR::IPluginFactory*>(QObject *)' is not a specialization of a function template [C:\Users\RidTheWann\Documents\WeaR-studio\build\core\core.vcxproj]
  (compiling source file 'core_autogen/mocs_compilation_Debug.cpp')
  
C:\Qt\6.10.1\msvc2022_64\include\QtCore\qobject.h(439,53): error C2280: 'const char *qobject_interface_iid<T*>(void)': attempting to reference a deleted function [C:\Users\RidTheWann\Documents\WeaR-studio\build\core\core.vcxproj]
C:\Qt\6.10.1\msvc2022_64\include\QtCore\qobject.h(439,53): error C2280:         with [C:\Users\RidTheWann\Documents\WeaR-studio\build\core\core.vcxproj]
C:\Qt\6.10.1\msvc2022_64\include\QtCore\qobject.h(439,53): error C2280:         [ [C:\Users\RidTheWann\Documents\WeaR-studio\build\core\core.vcxproj]
C:\Qt\6.10.1\msvc2022_64\include\QtCore\qobject.h(439,53): error C2280:             T=WeaR::IPluginFactory [C:\Users\RidTheWann\Documents\WeaR-studio\build\core\core.vcxproj]
C:\Qt\6.10.1\msvc2022_64\include\QtCore\qobject.h(439,53): error C2280:         ] [C:\Users\RidTheWann\Documents\WeaR-studio\build\core\core.vcxproj]
  (compiling source file 'core_autogen/mocs_compilation_Debug.cpp')
      C:\Qt\6.10.1\msvc2022_64\include\QtCore\qobject.h(437,43):
      see declaration of 'qobject_interface_iid'
      C:\Qt\6.10.1\msvc2022_64\include\QtCore\qobject.h(439,53):
      the template instantiation context (the oldest one first) is
          C:\Users\RidTheWann\Documents\WeaR-studio\core\PluginManager.h(45,1):
          see instantiation of default argument expression required for 'T *qobject_iid_cast<WeaR::IPluginFactory>(QObject *,const char *)'
          with
          [
              T=WeaR::IPluginFactory
          ]
  
C:\Users\RidTheWann\Documents\WeaR-studio\core\PluginManager.h(45,1): error C2912: explicit specialization 'const WeaR::IPluginFactory *WeaR::qobject_cast<const WeaR::IPluginFactory*>(const QObject *)' is not a specialization of a function template [C:\Users\RidTheWann\Documents\WeaR-studio\build\core\core.vcxproj]
  (compiling source file 'core_autogen/mocs_compilation_Debug.cpp')
  
